// Vitest Snapshot v1, https://vitest.dev/guide/snapshot.html

exports[`mass simulator (Task 022, Teil B) > aggregates a deterministic report over the default matrix 1`] = `
{
  "maps": [
    {
      "firstTurnDivergence": {
        "divergentMovements": 4,
        "divergentSelections": 2,
        "divergentWeapons": 0,
        "probes": 4,
      },
      "friendlyHits": 0,
      "mapId": "good-mood",
      "matches": 3,
      "outOfWorldKnockouts": 0,
      "outcomes": {
        "crew": 2,
        "draw": 0,
        "rivals": 1,
      },
      "planKinds": {
        "attack": 59,
        "reposition": 0,
        "skip": 0,
      },
      "seeds": [
        21072026,
        21072127,
        21072228,
      ],
      "selfHits": 0,
      "turnStats": {
        "maximum": 21,
        "median": 20,
        "minimum": 18,
      },
      "weaponDiagnosis": [
        {
          "consideredTurns": 53,
          "invalidReasons": {
            "Ziel liegt außerhalb wirksamer Reichweite": 355,
          },
          "validTurns": 27,
          "weaponId": "rocket",
        },
        {
          "consideredTurns": 56,
          "invalidReasons": {
            "Flugbahn endet ohne Einschlag": 1,
            "Flugbahn verlässt das Einsatzgebiet": 5,
            "Ziel liegt außerhalb wirksamer Reichweite": 883,
          },
          "validTurns": 27,
          "weaponId": "grenade",
        },
        {
          "consideredTurns": 50,
          "invalidReasons": {
            "Ziel liegt außerhalb wirksamer Reichweite": 103,
          },
          "validTurns": 50,
          "weaponId": "breaker",
        },
      ],
      "weaponUsage": [
        {
          "attacks": 27,
          "share": 0.4576,
          "totalDamage": 2497,
          "weaponId": "rocket",
        },
        {
          "attacks": 14,
          "share": 0.2373,
          "totalDamage": 418,
          "weaponId": "grenade",
        },
        {
          "attacks": 18,
          "share": 0.3051,
          "totalDamage": 66,
          "weaponId": "breaker",
        },
      ],
    },
    {
      "firstTurnDivergence": {
        "divergentMovements": 4,
        "divergentSelections": 4,
        "divergentWeapons": 0,
        "probes": 4,
      },
      "friendlyHits": 0,
      "mapId": "space-resort",
      "matches": 3,
      "outOfWorldKnockouts": 1,
      "outcomes": {
        "crew": 3,
        "draw": 0,
        "rivals": 0,
      },
      "planKinds": {
        "attack": 39,
        "reposition": 0,
        "skip": 0,
      },
      "seeds": [
        21072026,
        21072127,
        21072228,
      ],
      "selfHits": 0,
      "turnStats": {
        "maximum": 15,
        "median": 12,
        "minimum": 12,
      },
      "weaponDiagnosis": [
        {
          "consideredTurns": 36,
          "invalidReasons": {
            "Ziel liegt außerhalb wirksamer Reichweite": 224,
          },
          "validTurns": 25,
          "weaponId": "rocket",
        },
        {
          "consideredTurns": 36,
          "invalidReasons": {
            "Flugbahn verlässt das Einsatzgebiet": 24,
            "Ziel liegt außerhalb wirksamer Reichweite": 599,
          },
          "validTurns": 18,
          "weaponId": "grenade",
        },
        {
          "consideredTurns": 33,
          "invalidReasons": {
            "Ziel liegt außerhalb wirksamer Reichweite": 84,
          },
          "validTurns": 33,
          "weaponId": "breaker",
        },
      ],
      "weaponUsage": [
        {
          "attacks": 25,
          "share": 0.641,
          "totalDamage": 2030,
          "weaponId": "rocket",
        },
        {
          "attacks": 6,
          "share": 0.1538,
          "totalDamage": 252,
          "weaponId": "grenade",
        },
        {
          "attacks": 8,
          "share": 0.2051,
          "totalDamage": 0,
          "weaponId": "breaker",
        },
      ],
    },
  ],
}
`;

exports[`mass simulator (Task 022, Teil B) > aggregates a deterministic report over the default matrix 2`] = `
[
  {
    "label": "good-mood: Crew cautious vs. Rivalen explosive",
    "outcome": "crew",
    "turnCount": 18,
  },
  {
    "label": "good-mood: Crew explosive vs. Rivalen showboat",
    "outcome": "rivals",
    "turnCount": 12,
  },
  {
    "label": "good-mood: Crew showboat vs. Rivalen cautious",
    "outcome": "rivals",
    "turnCount": 10,
  },
  {
    "label": "space-resort: Crew cautious vs. Rivalen explosive",
    "outcome": "crew",
    "turnCount": 9,
  },
  {
    "label": "space-resort: Crew explosive vs. Rivalen showboat",
    "outcome": "rivals",
    "turnCount": 11,
  },
  {
    "label": "space-resort: Crew showboat vs. Rivalen cautious",
    "outcome": "crew",
    "turnCount": 17,
  },
]
`;
