// Vitest Snapshot v1, https://vitest.dev/guide/snapshot.html

exports[`mass simulator (Task 022, Teil B) > aggregates a deterministic report over the default matrix 1`] = `
{
  "maps": [
    {
      "firstTurnDivergence": {
        "divergentMovements": 6,
        "divergentSelections": 3,
        "divergentWeapons": 0,
        "probes": 6,
      },
      "friendlyHits": 0,
      "mapId": "good-mood",
      "matches": 3,
      "outOfWorldKnockouts": 0,
      "outcomes": {
        "crew": 1,
        "draw": 0,
        "rivals": 2,
      },
      "planKinds": {
        "attack": 46,
        "reposition": 0,
        "skip": 0,
      },
      "seeds": [
        21072026,
        21072127,
        21072228,
      ],
      "selfHits": 0,
      "turnStats": {
        "maximum": 18,
        "median": 17,
        "minimum": 11,
      },
      "weaponDiagnosis": [
        {
          "consideredTurns": 40,
          "invalidReasons": {
            "Ziel liegt außerhalb wirksamer Reichweite": 360,
          },
          "validTurns": 28,
          "weaponId": "rocket",
        },
        {
          "consideredTurns": 43,
          "invalidReasons": {
            "Flugbahn endet ohne Einschlag": 1,
            "Flugbahn verlässt das Einsatzgebiet": 5,
            "Ziel liegt außerhalb wirksamer Reichweite": 896,
          },
          "validTurns": 22,
          "weaponId": "grenade",
        },
        {
          "consideredTurns": 37,
          "invalidReasons": {
            "Ziel liegt außerhalb wirksamer Reichweite": 83,
          },
          "validTurns": 37,
          "weaponId": "breaker",
        },
      ],
      "weaponUsage": [
        {
          "attacks": 27,
          "share": 0.587,
          "totalDamage": 2327,
          "weaponId": "rocket",
        },
        {
          "attacks": 10,
          "share": 0.2174,
          "totalDamage": 595,
          "weaponId": "grenade",
        },
        {
          "attacks": 9,
          "share": 0.1957,
          "totalDamage": 0,
          "weaponId": "breaker",
        },
      ],
    },
    {
      "firstTurnDivergence": {
        "divergentMovements": 6,
        "divergentSelections": 3,
        "divergentWeapons": 0,
        "probes": 6,
      },
      "friendlyHits": 1,
      "mapId": "space-resort",
      "matches": 3,
      "outOfWorldKnockouts": 1,
      "outcomes": {
        "crew": 3,
        "draw": 0,
        "rivals": 0,
      },
      "planKinds": {
        "attack": 43,
        "reposition": 1,
        "skip": 0,
      },
      "seeds": [
        21072026,
        21072127,
        21072228,
      ],
      "selfHits": 0,
      "turnStats": {
        "maximum": 17,
        "median": 14,
        "minimum": 13,
      },
      "weaponDiagnosis": [
        {
          "consideredTurns": 38,
          "invalidReasons": {
            "Ziel liegt außerhalb wirksamer Reichweite": 267,
          },
          "validTurns": 24,
          "weaponId": "rocket",
        },
        {
          "consideredTurns": 41,
          "invalidReasons": {
            "Flugbahn endet ohne Einschlag": 2,
            "Flugbahn verlässt das Einsatzgebiet": 43,
            "Ziel liegt außerhalb wirksamer Reichweite": 832,
          },
          "validTurns": 27,
          "weaponId": "grenade",
        },
        {
          "consideredTurns": 35,
          "invalidReasons": {
            "Ziel liegt außerhalb wirksamer Reichweite": 114,
          },
          "validTurns": 33,
          "weaponId": "breaker",
        },
      ],
      "weaponUsage": [
        {
          "attacks": 24,
          "share": 0.5581,
          "totalDamage": 2265,
          "weaponId": "rocket",
        },
        {
          "attacks": 9,
          "share": 0.2093,
          "totalDamage": 262,
          "weaponId": "grenade",
        },
        {
          "attacks": 10,
          "share": 0.2326,
          "totalDamage": 0,
          "weaponId": "breaker",
        },
      ],
    },
  ],
}
`;

exports[`mass simulator (Task 022, Teil B) > aggregates a deterministic report over the default matrix 2`] = `
[
  {
    "label": "good-mood: Crew cautious vs. Rivalen explosive",
    "outcome": "crew",
    "turnCount": 16,
  },
  {
    "label": "good-mood: Crew explosive vs. Rivalen showboat",
    "outcome": "rivals",
    "turnCount": 12,
  },
  {
    "label": "good-mood: Crew showboat vs. Rivalen cautious",
    "outcome": "rivals",
    "turnCount": 11,
  },
  {
    "label": "space-resort: Crew cautious vs. Rivalen explosive",
    "outcome": "rivals",
    "turnCount": 16,
  },
  {
    "label": "space-resort: Crew explosive vs. Rivalen showboat",
    "outcome": "rivals",
    "turnCount": 11,
  },
  {
    "label": "space-resort: Crew showboat vs. Rivalen cautious",
    "outcome": "rivals",
    "turnCount": 8,
  },
]
`;
