// Vitest Snapshot v1, https://vitest.dev/guide/snapshot.html

exports[`mass simulator (Task 022, Teil B) > aggregates a deterministic report over the default matrix 1`] = `
{
  "maps": [
    {
      "firstTurnDivergence": {
        "divergentMovements": 4,
        "divergentSelections": 2,
        "divergentWeapons": 0,
        "probes": 4,
      },
      "friendlyHits": 0,
      "mapId": "good-mood",
      "matches": 3,
      "outOfWorldKnockouts": 0,
      "outcomes": {
        "crew": 1,
        "draw": 0,
        "rivals": 2,
      },
      "planKinds": {
        "attack": 54,
        "reposition": 0,
        "skip": 0,
      },
      "seeds": [
        21072026,
        21072127,
        21072228,
      ],
      "selfHits": 1,
      "turnStats": {
        "maximum": 24,
        "median": 15,
        "minimum": 15,
      },
      "weaponDiagnosis": [
        {
          "consideredTurns": 48,
          "invalidReasons": {
            "Ziel liegt außerhalb wirksamer Reichweite": 326,
          },
          "validTurns": 29,
          "weaponId": "rocket",
        },
        {
          "consideredTurns": 51,
          "invalidReasons": {
            "Flugbahn verlässt das Einsatzgebiet": 4,
            "Ziel liegt außerhalb wirksamer Reichweite": 825,
          },
          "validTurns": 28,
          "weaponId": "grenade",
        },
        {
          "consideredTurns": 45,
          "invalidReasons": {
            "Ziel liegt außerhalb wirksamer Reichweite": 104,
          },
          "validTurns": 44,
          "weaponId": "breaker",
        },
      ],
      "weaponUsage": [
        {
          "attacks": 29,
          "share": 0.537,
          "totalDamage": 2467,
          "weaponId": "rocket",
        },
        {
          "attacks": 12,
          "share": 0.2222,
          "totalDamage": 380,
          "weaponId": "grenade",
        },
        {
          "attacks": 13,
          "share": 0.2407,
          "totalDamage": 0,
          "weaponId": "breaker",
        },
      ],
    },
    {
      "firstTurnDivergence": {
        "divergentMovements": 2,
        "divergentSelections": 2,
        "divergentWeapons": 0,
        "probes": 4,
      },
      "friendlyHits": 1,
      "mapId": "space-resort",
      "matches": 3,
      "outOfWorldKnockouts": 1,
      "outcomes": {
        "crew": 2,
        "draw": 0,
        "rivals": 1,
      },
      "planKinds": {
        "attack": 51,
        "reposition": 0,
        "skip": 0,
      },
      "seeds": [
        21072026,
        21072127,
        21072228,
      ],
      "selfHits": 0,
      "turnStats": {
        "maximum": 21,
        "median": 16,
        "minimum": 14,
      },
      "weaponDiagnosis": [
        {
          "consideredTurns": 48,
          "invalidReasons": {
            "Ziel liegt außerhalb wirksamer Reichweite": 292,
          },
          "validTurns": 30,
          "weaponId": "rocket",
        },
        {
          "consideredTurns": 48,
          "invalidReasons": {
            "Flugbahn endet ohne Einschlag": 2,
            "Flugbahn verlässt das Einsatzgebiet": 46,
            "Ziel liegt außerhalb wirksamer Reichweite": 797,
          },
          "validTurns": 21,
          "weaponId": "grenade",
        },
        {
          "consideredTurns": 45,
          "invalidReasons": {
            "Ziel liegt außerhalb wirksamer Reichweite": 103,
          },
          "validTurns": 44,
          "weaponId": "breaker",
        },
      ],
      "weaponUsage": [
        {
          "attacks": 30,
          "share": 0.5882,
          "totalDamage": 2503,
          "weaponId": "rocket",
        },
        {
          "attacks": 5,
          "share": 0.098,
          "totalDamage": 169,
          "weaponId": "grenade",
        },
        {
          "attacks": 16,
          "share": 0.3137,
          "totalDamage": 67,
          "weaponId": "breaker",
        },
      ],
    },
  ],
}
`;

exports[`mass simulator (Task 022, Teil B) > aggregates a deterministic report over the default matrix 2`] = `
[
  {
    "label": "good-mood: Crew cautious vs. Rivalen explosive",
    "outcome": "rivals",
    "turnCount": 19,
  },
  {
    "label": "good-mood: Crew explosive vs. Rivalen showboat",
    "outcome": "rivals",
    "turnCount": 14,
  },
  {
    "label": "good-mood: Crew showboat vs. Rivalen cautious",
    "outcome": "rivals",
    "turnCount": 24,
  },
  {
    "label": "space-resort: Crew cautious vs. Rivalen explosive",
    "outcome": "crew",
    "turnCount": 9,
  },
  {
    "label": "space-resort: Crew explosive vs. Rivalen showboat",
    "outcome": "rivals",
    "turnCount": 12,
  },
  {
    "label": "space-resort: Crew showboat vs. Rivalen cautious",
    "outcome": "rivals",
    "turnCount": 29,
  },
]
`;
