// Vitest Snapshot v1, https://vitest.dev/guide/snapshot.html

exports[`planning golden master (Task 021, Schritt 0) > freezes first-turn planning on good-mood 1`] = `
{
  "ghost:21072026:forced-breaker": {
    "candidateScore": "153.2324",
    "destination": {
      "x": 350,
      "y": 1260,
    },
    "movementId": "jump:350:1260",
    "movementKind": "jump",
    "movementScore": "39.5012",
    "preferenceFellBack": false,
    "selectedCandidateId": "breaker:rival-1:arc-1",
    "targetId": "rival-1",
    "weaponId": "breaker",
  },
  "ghost:21072026:preference": {
    "candidateScore": "133.9370",
    "destination": {
      "x": 610,
      "y": 1314,
    },
    "movementId": "jump:610:1314",
    "movementKind": "jump",
    "movementScore": "26.1808",
    "preferenceFellBack": false,
    "selectedCandidateId": "grenade:rival-1:arc-1",
    "targetId": "rival-1",
    "weaponId": "grenade",
  },
  "ghost:21072026:rejected": {
    "candidateScore": "177.7146",
    "destination": {
      "x": 350,
      "y": 1260,
    },
    "movementId": "jump:350:1260",
    "movementKind": "jump",
    "movementScore": "39.5012",
    "preferenceFellBack": false,
    "selectedCandidateId": "rocket:rival-1:arc-1",
    "targetId": "rival-1",
    "weaponId": "rocket",
  },
  "ghost:21072026:rival": {
    "candidateScore": "99.8143",
    "destination": {
      "x": 1550,
      "y": 810,
    },
    "movementId": "walk:1550:810",
    "movementKind": "walk",
    "movementScore": "20.4631",
    "preferenceFellBack": false,
    "selectedCandidateId": "rocket:crew-ghost:arc-1",
    "targetId": "crew-ghost",
    "weaponId": "rocket",
  },
  "ghost:21072127:forced-breaker": {
    "candidateScore": "152.2246",
    "destination": {
      "x": 350,
      "y": 1260,
    },
    "movementId": "jump:350:1260",
    "movementKind": "jump",
    "movementScore": "38.5668",
    "preferenceFellBack": false,
    "selectedCandidateId": "breaker:rival-1:arc-1",
    "targetId": "rival-1",
    "weaponId": "breaker",
  },
  "ghost:21072127:preference": {
    "candidateScore": "133.7398",
    "destination": {
      "x": 545,
      "y": 1316,
    },
    "movementId": "jump:545:1316",
    "movementKind": "jump",
    "movementScore": "26.5608",
    "preferenceFellBack": false,
    "selectedCandidateId": "grenade:rival-1:arc-1",
    "targetId": "rival-1",
    "weaponId": "grenade",
  },
  "ghost:21072127:rejected": {
    "candidateScore": "177.7348",
    "destination": {
      "x": 350,
      "y": 1260,
    },
    "movementId": "jump:350:1260",
    "movementKind": "jump",
    "movementScore": "38.5668",
    "preferenceFellBack": false,
    "selectedCandidateId": "rocket:rival-1:arc-1",
    "targetId": "rival-1",
    "weaponId": "rocket",
  },
  "ghost:21072127:rival": {
    "candidateScore": "99.2489",
    "destination": {
      "x": 1290,
      "y": 836,
    },
    "movementId": "walk:1290:836",
    "movementKind": "walk",
    "movementScore": "21.9309",
    "preferenceFellBack": false,
    "selectedCandidateId": "rocket:crew-ghost:arc-1",
    "targetId": "crew-ghost",
    "weaponId": "rocket",
  },
  "hornling:21072026:forced-breaker": {
    "candidateScore": "64.7571",
    "destination": {
      "x": 350,
      "y": 1260,
    },
    "movementId": "walk:350:1260",
    "movementKind": "walk",
    "movementScore": "20.3546",
    "preferenceFellBack": false,
    "selectedCandidateId": "breaker:rival-1:arc-1",
    "targetId": "rival-1",
    "weaponId": "breaker",
  },
  "hornling:21072026:preference": {
    "candidateScore": "95.2503",
    "destination": {
      "x": 350,
      "y": 1260,
    },
    "movementId": "walk:350:1260",
    "movementKind": "walk",
    "movementScore": "20.3546",
    "preferenceFellBack": false,
    "selectedCandidateId": "rocket:rival-1:arc-1",
    "targetId": "rival-1",
    "weaponId": "rocket",
  },
  "hornling:21072026:rejected": {
    "candidateScore": "93.7982",
    "destination": {
      "x": 350,
      "y": 1260,
    },
    "movementId": "walk:350:1260",
    "movementKind": "walk",
    "movementScore": "20.3546",
    "preferenceFellBack": false,
    "selectedCandidateId": "rocket:rival-1:arc-2",
    "targetId": "rival-1",
    "weaponId": "rocket",
  },
  "hornling:21072026:rival": {
    "candidateScore": "99.1856",
    "destination": {
      "x": 1550,
      "y": 810,
    },
    "movementId": "walk:1550:810",
    "movementKind": "walk",
    "movementScore": "20.4631",
    "preferenceFellBack": false,
    "selectedCandidateId": "rocket:crew-hornling:arc-1",
    "targetId": "crew-hornling",
    "weaponId": "rocket",
  },
  "hornling:21072127:forced-breaker": {
    "candidateScore": "63.7493",
    "destination": {
      "x": 350,
      "y": 1260,
    },
    "movementId": "walk:350:1260",
    "movementKind": "walk",
    "movementScore": "19.8194",
    "preferenceFellBack": false,
    "selectedCandidateId": "breaker:rival-1:arc-1",
    "targetId": "rival-1",
    "weaponId": "breaker",
  },
  "hornling:21072127:preference": {
    "candidateScore": "95.2704",
    "destination": {
      "x": 350,
      "y": 1260,
    },
    "movementId": "walk:350:1260",
    "movementKind": "walk",
    "movementScore": "19.8194",
    "preferenceFellBack": false,
    "selectedCandidateId": "rocket:rival-1:arc-1",
    "targetId": "rival-1",
    "weaponId": "rocket",
  },
  "hornling:21072127:rejected": {
    "candidateScore": "94.5840",
    "destination": {
      "x": 350,
      "y": 1260,
    },
    "movementId": "walk:350:1260",
    "movementKind": "walk",
    "movementScore": "19.8194",
    "preferenceFellBack": false,
    "selectedCandidateId": "rocket:rival-1:arc-2",
    "targetId": "rival-1",
    "weaponId": "rocket",
  },
  "hornling:21072127:rival": {
    "candidateScore": "99.8105",
    "destination": {
      "x": 1290,
      "y": 836,
    },
    "movementId": "walk:1290:836",
    "movementKind": "walk",
    "movementScore": "21.9309",
    "preferenceFellBack": false,
    "selectedCandidateId": "rocket:crew-hornling:arc-1",
    "targetId": "crew-hornling",
    "weaponId": "rocket",
  },
  "moki:21072026:forced-breaker": {
    "candidateScore": "111.1734",
    "destination": {
      "x": 350,
      "y": 1260,
    },
    "movementId": "walk:350:1260",
    "movementKind": "walk",
    "movementScore": "20.8258",
    "preferenceFellBack": false,
    "selectedCandidateId": "breaker:rival-1:arc-1",
    "targetId": "rival-1",
    "weaponId": "breaker",
  },
  "moki:21072026:preference": {
    "candidateScore": "94.0292",
    "destination": {
      "x": 610,
      "y": 1314,
    },
    "movementId": "jump:610:1314",
    "movementKind": "jump",
    "movementScore": "13.5663",
    "preferenceFellBack": false,
    "selectedCandidateId": "grenade:rival-1:arc-1",
    "targetId": "rival-1",
    "weaponId": "grenade",
  },
  "moki:21072026:rejected": {
    "candidateScore": "138.5188",
    "destination": {
      "x": 350,
      "y": 1260,
    },
    "movementId": "walk:350:1260",
    "movementKind": "walk",
    "movementScore": "20.8258",
    "preferenceFellBack": false,
    "selectedCandidateId": "rocket:rival-1:arc-1",
    "targetId": "rival-1",
    "weaponId": "rocket",
  },
  "moki:21072026:rival": {
    "candidateScore": "98.9740",
    "destination": {
      "x": 1550,
      "y": 810,
    },
    "movementId": "walk:1550:810",
    "movementKind": "walk",
    "movementScore": "20.4631",
    "preferenceFellBack": false,
    "selectedCandidateId": "rocket:crew-moki:arc-2",
    "targetId": "crew-moki",
    "weaponId": "rocket",
  },
  "moki:21072127:forced-breaker": {
    "candidateScore": "110.1656",
    "destination": {
      "x": 350,
      "y": 1260,
    },
    "movementId": "jump:350:1260",
    "movementKind": "jump",
    "movementScore": "19.8845",
    "preferenceFellBack": false,
    "selectedCandidateId": "breaker:rival-1:arc-1",
    "targetId": "rival-1",
    "weaponId": "breaker",
  },
  "moki:21072127:preference": {
    "candidateScore": "94.1011",
    "destination": {
      "x": 610,
      "y": 1314,
    },
    "movementId": "jump:610:1314",
    "movementKind": "jump",
    "movementScore": "13.1494",
    "preferenceFellBack": false,
    "selectedCandidateId": "grenade:rival-1:arc-1",
    "targetId": "rival-1",
    "weaponId": "grenade",
  },
  "moki:21072127:rejected": {
    "candidateScore": "138.5389",
    "destination": {
      "x": 350,
      "y": 1260,
    },
    "movementId": "jump:350:1260",
    "movementKind": "jump",
    "movementScore": "19.8845",
    "preferenceFellBack": false,
    "selectedCandidateId": "rocket:rival-1:arc-1",
    "targetId": "rival-1",
    "weaponId": "rocket",
  },
  "moki:21072127:rival": {
    "candidateScore": "99.7156",
    "destination": {
      "x": 1290,
      "y": 836,
    },
    "movementId": "walk:1290:836",
    "movementKind": "walk",
    "movementScore": "21.9309",
    "preferenceFellBack": false,
    "selectedCandidateId": "rocket:crew-moki:arc-1",
    "targetId": "crew-moki",
    "weaponId": "rocket",
  },
  "slime:21072026:forced-breaker": {
    "candidateScore": "64.7571",
    "destination": {
      "x": 350,
      "y": 1260,
    },
    "movementId": "walk:350:1260",
    "movementKind": "walk",
    "movementScore": "21.1974",
    "preferenceFellBack": false,
    "selectedCandidateId": "breaker:rival-1:arc-1",
    "targetId": "rival-1",
    "weaponId": "breaker",
  },
  "slime:21072026:preference": {
    "candidateScore": "95.2503",
    "destination": {
      "x": 350,
      "y": 1260,
    },
    "movementId": "walk:350:1260",
    "movementKind": "walk",
    "movementScore": "21.1974",
    "preferenceFellBack": false,
    "selectedCandidateId": "rocket:rival-1:arc-1",
    "targetId": "rival-1",
    "weaponId": "rocket",
  },
  "slime:21072026:rejected": {
    "candidateScore": "93.7982",
    "destination": {
      "x": 350,
      "y": 1260,
    },
    "movementId": "walk:350:1260",
    "movementKind": "walk",
    "movementScore": "21.1974",
    "preferenceFellBack": false,
    "selectedCandidateId": "rocket:rival-1:arc-2",
    "targetId": "rival-1",
    "weaponId": "rocket",
  },
  "slime:21072026:rival": {
    "candidateScore": "99.3779",
    "destination": {
      "x": 1550,
      "y": 810,
    },
    "movementId": "walk:1550:810",
    "movementKind": "walk",
    "movementScore": "20.4631",
    "preferenceFellBack": false,
    "selectedCandidateId": "rocket:crew-slime:arc-2",
    "targetId": "crew-slime",
    "weaponId": "rocket",
  },
  "slime:21072127:forced-breaker": {
    "candidateScore": "63.7493",
    "destination": {
      "x": 350,
      "y": 1260,
    },
    "movementId": "walk:350:1260",
    "movementKind": "walk",
    "movementScore": "21.9737",
    "preferenceFellBack": false,
    "selectedCandidateId": "breaker:rival-1:arc-1",
    "targetId": "rival-1",
    "weaponId": "breaker",
  },
  "slime:21072127:preference": {
    "candidateScore": "95.2704",
    "destination": {
      "x": 350,
      "y": 1260,
    },
    "movementId": "walk:350:1260",
    "movementKind": "walk",
    "movementScore": "21.9737",
    "preferenceFellBack": false,
    "selectedCandidateId": "rocket:rival-1:arc-1",
    "targetId": "rival-1",
    "weaponId": "rocket",
  },
  "slime:21072127:rejected": {
    "candidateScore": "94.5840",
    "destination": {
      "x": 350,
      "y": 1260,
    },
    "movementId": "walk:350:1260",
    "movementKind": "walk",
    "movementScore": "21.9737",
    "preferenceFellBack": false,
    "selectedCandidateId": "rocket:rival-1:arc-2",
    "targetId": "rival-1",
    "weaponId": "rocket",
  },
  "slime:21072127:rival": {
    "candidateScore": "99.2852",
    "destination": {
      "x": 1290,
      "y": 836,
    },
    "movementId": "walk:1290:836",
    "movementKind": "walk",
    "movementScore": "21.9309",
    "preferenceFellBack": false,
    "selectedCandidateId": "rocket:crew-slime:arc-1",
    "targetId": "crew-slime",
    "weaponId": "rocket",
  },
}
`;

exports[`planning golden master (Task 021, Schritt 0) > freezes first-turn planning on space-resort 1`] = `
{
  "ghost:21072026:forced-breaker": {
    "candidateScore": "151.3300",
    "destination": {
      "x": 450,
      "y": 338,
    },
    "movementId": "jump:450:338",
    "movementKind": "jump",
    "movementScore": "28.3023",
    "preferenceFellBack": false,
    "selectedCandidateId": "breaker:rival-3:arc-3",
    "targetId": "rival-3",
    "weaponId": "breaker",
  },
  "ghost:21072026:preference": {
    "candidateScore": "166.1515",
    "destination": {
      "x": 450,
      "y": 338,
    },
    "movementId": "jump:450:338",
    "movementKind": "jump",
    "movementScore": "28.3023",
    "preferenceFellBack": true,
    "selectedCandidateId": "rocket:rival-3:arc-3",
    "targetId": "rival-3",
    "weaponId": "rocket",
  },
  "ghost:21072026:rejected": {
    "candidateScore": "154.6770",
    "destination": {
      "x": 450,
      "y": 338,
    },
    "movementId": "jump:450:338",
    "movementKind": "jump",
    "movementScore": "28.3023",
    "preferenceFellBack": false,
    "selectedCandidateId": "rocket:rival-3:arc-2",
    "targetId": "rival-3",
    "weaponId": "rocket",
  },
  "ghost:21072026:rival": {
    "candidateScore": "89.1874",
    "destination": {
      "x": 320,
      "y": 888,
    },
    "movementId": "walk:320:888",
    "movementKind": "walk",
    "movementScore": "15.3217",
    "preferenceFellBack": false,
    "selectedCandidateId": "rocket:crew-ghost:arc-3",
    "targetId": "crew-ghost",
    "weaponId": "rocket",
  },
  "ghost:21072127:forced-breaker": {
    "candidateScore": "152.5062",
    "destination": {
      "x": 450,
      "y": 338,
    },
    "movementId": "jump:450:338",
    "movementKind": "jump",
    "movementScore": "28.7261",
    "preferenceFellBack": false,
    "selectedCandidateId": "breaker:rival-3:arc-3",
    "targetId": "rival-3",
    "weaponId": "breaker",
  },
  "ghost:21072127:preference": {
    "candidateScore": "166.6071",
    "destination": {
      "x": 450,
      "y": 338,
    },
    "movementId": "jump:450:338",
    "movementKind": "jump",
    "movementScore": "28.7261",
    "preferenceFellBack": true,
    "selectedCandidateId": "rocket:rival-3:arc-3",
    "targetId": "rival-3",
    "weaponId": "rocket",
  },
  "ghost:21072127:rejected": {
    "candidateScore": "154.9322",
    "destination": {
      "x": 450,
      "y": 338,
    },
    "movementId": "jump:450:338",
    "movementKind": "jump",
    "movementScore": "28.7261",
    "preferenceFellBack": false,
    "selectedCandidateId": "rocket:rival-3:arc-2",
    "targetId": "rival-3",
    "weaponId": "rocket",
  },
  "ghost:21072127:rival": {
    "candidateScore": "89.6330",
    "destination": {
      "x": 320,
      "y": 888,
    },
    "movementId": "walk:320:888",
    "movementKind": "walk",
    "movementScore": "15.3654",
    "preferenceFellBack": false,
    "selectedCandidateId": "rocket:crew-ghost:arc-3",
    "targetId": "crew-ghost",
    "weaponId": "rocket",
  },
  "hornling:21072026:forced-breaker": {
    "candidateScore": "67.3872",
    "destination": {
      "x": 450,
      "y": 338,
    },
    "movementId": "walk:450:338",
    "movementKind": "walk",
    "movementScore": "14.0628",
    "preferenceFellBack": false,
    "selectedCandidateId": "breaker:rival-1:arc-1",
    "targetId": "rival-1",
    "weaponId": "breaker",
  },
  "hornling:21072026:preference": {
    "candidateScore": "99.0948",
    "destination": {
      "x": 450,
      "y": 338,
    },
    "movementId": "walk:450:338",
    "movementKind": "walk",
    "movementScore": "14.0628",
    "preferenceFellBack": false,
    "selectedCandidateId": "rocket:rival-1:arc-1",
    "targetId": "rival-1",
    "weaponId": "rocket",
  },
  "hornling:21072026:rejected": {
    "candidateScore": "98.2750",
    "destination": {
      "x": 450,
      "y": 338,
    },
    "movementId": "walk:450:338",
    "movementKind": "walk",
    "movementScore": "14.0628",
    "preferenceFellBack": false,
    "selectedCandidateId": "rocket:rival-3:arc-1",
    "targetId": "rival-3",
    "weaponId": "rocket",
  },
  "hornling:21072026:rival": {
    "candidateScore": "89.1334",
    "destination": {
      "x": 320,
      "y": 888,
    },
    "movementId": "walk:320:888",
    "movementKind": "walk",
    "movementScore": "15.3217",
    "preferenceFellBack": false,
    "selectedCandidateId": "rocket:crew-hornling:arc-3",
    "targetId": "crew-hornling",
    "weaponId": "rocket",
  },
  "hornling:21072127:forced-breaker": {
    "candidateScore": "68.1510",
    "destination": {
      "x": 450,
      "y": 338,
    },
    "movementId": "walk:450:338",
    "movementKind": "walk",
    "movementScore": "15.8186",
    "preferenceFellBack": false,
    "selectedCandidateId": "breaker:rival-3:arc-1",
    "targetId": "rival-3",
    "weaponId": "breaker",
  },
  "hornling:21072127:preference": {
    "candidateScore": "99.1149",
    "destination": {
      "x": 450,
      "y": 338,
    },
    "movementId": "walk:450:338",
    "movementKind": "walk",
    "movementScore": "15.8186",
    "preferenceFellBack": false,
    "selectedCandidateId": "rocket:rival-1:arc-1",
    "targetId": "rival-1",
    "weaponId": "rocket",
  },
  "hornling:21072127:rejected": {
    "candidateScore": "97.6566",
    "destination": {
      "x": 450,
      "y": 338,
    },
    "movementId": "walk:450:338",
    "movementKind": "walk",
    "movementScore": "15.8186",
    "preferenceFellBack": false,
    "selectedCandidateId": "rocket:rival-1:arc-2",
    "targetId": "rival-1",
    "weaponId": "rocket",
  },
  "hornling:21072127:rival": {
    "candidateScore": "89.5043",
    "destination": {
      "x": 320,
      "y": 888,
    },
    "movementId": "walk:320:888",
    "movementKind": "walk",
    "movementScore": "15.3654",
    "preferenceFellBack": false,
    "selectedCandidateId": "rocket:crew-hornling:arc-3",
    "targetId": "crew-hornling",
    "weaponId": "rocket",
  },
  "moki:21072026:forced-breaker": {
    "candidateScore": "104.5540",
    "destination": {
      "x": 450,
      "y": 338,
    },
    "movementId": "jump:450:338",
    "movementKind": "jump",
    "movementScore": "16.3520",
    "preferenceFellBack": false,
    "selectedCandidateId": "breaker:rival-3:arc-2",
    "targetId": "rival-3",
    "weaponId": "breaker",
  },
  "moki:21072026:preference": {
    "candidateScore": "129.6980",
    "destination": {
      "x": 450,
      "y": 338,
    },
    "movementId": "jump:450:338",
    "movementKind": "jump",
    "movementScore": "16.3520",
    "preferenceFellBack": true,
    "selectedCandidateId": "rocket:rival-3:arc-3",
    "targetId": "rival-3",
    "weaponId": "rocket",
  },
  "moki:21072026:rejected": {
    "candidateScore": "128.4321",
    "destination": {
      "x": 450,
      "y": 338,
    },
    "movementId": "jump:450:338",
    "movementKind": "jump",
    "movementScore": "16.3520",
    "preferenceFellBack": false,
    "selectedCandidateId": "rocket:rival-3:arc-2",
    "targetId": "rival-3",
    "weaponId": "rocket",
  },
  "moki:21072026:rival": {
    "candidateScore": "90.0497",
    "destination": {
      "x": 320,
      "y": 888,
    },
    "movementId": "walk:320:888",
    "movementKind": "walk",
    "movementScore": "15.3217",
    "preferenceFellBack": false,
    "selectedCandidateId": "rocket:crew-moki:arc-3",
    "targetId": "crew-moki",
    "weaponId": "rocket",
  },
  "moki:21072127:forced-breaker": {
    "candidateScore": "105.2494",
    "destination": {
      "x": 450,
      "y": 338,
    },
    "movementId": "jump:450:338",
    "movementKind": "jump",
    "movementScore": "15.2030",
    "preferenceFellBack": false,
    "selectedCandidateId": "breaker:rival-3:arc-3",
    "targetId": "rival-3",
    "weaponId": "breaker",
  },
  "moki:21072127:preference": {
    "candidateScore": "130.1536",
    "destination": {
      "x": 450,
      "y": 338,
    },
    "movementId": "jump:450:338",
    "movementKind": "jump",
    "movementScore": "15.2030",
    "preferenceFellBack": true,
    "selectedCandidateId": "rocket:rival-3:arc-3",
    "targetId": "rival-3",
    "weaponId": "rocket",
  },
  "moki:21072127:rejected": {
    "candidateScore": "128.6873",
    "destination": {
      "x": 450,
      "y": 338,
    },
    "movementId": "jump:450:338",
    "movementKind": "jump",
    "movementScore": "15.2030",
    "preferenceFellBack": false,
    "selectedCandidateId": "rocket:rival-3:arc-2",
    "targetId": "rival-3",
    "weaponId": "rocket",
  },
  "moki:21072127:rival": {
    "candidateScore": "89.1625",
    "destination": {
      "x": 320,
      "y": 888,
    },
    "movementId": "walk:320:888",
    "movementKind": "walk",
    "movementScore": "15.3654",
    "preferenceFellBack": false,
    "selectedCandidateId": "rocket:crew-moki:arc-3",
    "targetId": "crew-moki",
    "weaponId": "rocket",
  },
  "slime:21072026:forced-breaker": {
    "candidateScore": "67.3872",
    "destination": {
      "x": 450,
      "y": 338,
    },
    "movementId": "walk:450:338",
    "movementKind": "walk",
    "movementScore": "15.8726",
    "preferenceFellBack": false,
    "selectedCandidateId": "breaker:rival-1:arc-1",
    "targetId": "rival-1",
    "weaponId": "breaker",
  },
  "slime:21072026:preference": {
    "candidateScore": "99.0948",
    "destination": {
      "x": 450,
      "y": 338,
    },
    "movementId": "walk:450:338",
    "movementKind": "walk",
    "movementScore": "15.8726",
    "preferenceFellBack": false,
    "selectedCandidateId": "rocket:rival-1:arc-1",
    "targetId": "rival-1",
    "weaponId": "rocket",
  },
  "slime:21072026:rejected": {
    "candidateScore": "98.2750",
    "destination": {
      "x": 450,
      "y": 338,
    },
    "movementId": "walk:450:338",
    "movementKind": "walk",
    "movementScore": "15.8726",
    "preferenceFellBack": false,
    "selectedCandidateId": "rocket:rival-3:arc-1",
    "targetId": "rival-3",
    "weaponId": "rocket",
  },
  "slime:21072026:rival": {
    "candidateScore": "89.3872",
    "destination": {
      "x": 320,
      "y": 888,
    },
    "movementId": "walk:320:888",
    "movementKind": "walk",
    "movementScore": "15.3217",
    "preferenceFellBack": false,
    "selectedCandidateId": "rocket:crew-slime:arc-3",
    "targetId": "crew-slime",
    "weaponId": "rocket",
  },
  "slime:21072127:forced-breaker": {
    "candidateScore": "68.1510",
    "destination": {
      "x": 450,
      "y": 338,
    },
    "movementId": "walk:450:338",
    "movementKind": "walk",
    "movementScore": "14.0574",
    "preferenceFellBack": false,
    "selectedCandidateId": "breaker:rival-3:arc-1",
    "targetId": "rival-3",
    "weaponId": "breaker",
  },
  "slime:21072127:preference": {
    "candidateScore": "99.1149",
    "destination": {
      "x": 450,
      "y": 338,
    },
    "movementId": "walk:450:338",
    "movementKind": "walk",
    "movementScore": "14.0574",
    "preferenceFellBack": false,
    "selectedCandidateId": "rocket:rival-1:arc-1",
    "targetId": "rival-1",
    "weaponId": "rocket",
  },
  "slime:21072127:rejected": {
    "candidateScore": "97.6566",
    "destination": {
      "x": 450,
      "y": 338,
    },
    "movementId": "walk:450:338",
    "movementKind": "walk",
    "movementScore": "14.0574",
    "preferenceFellBack": false,
    "selectedCandidateId": "rocket:rival-1:arc-2",
    "targetId": "rival-1",
    "weaponId": "rocket",
  },
  "slime:21072127:rival": {
    "candidateScore": "90.5183",
    "destination": {
      "x": 320,
      "y": 888,
    },
    "movementId": "walk:320:888",
    "movementKind": "walk",
    "movementScore": "15.3654",
    "preferenceFellBack": false,
    "selectedCandidateId": "rocket:crew-slime:arc-3",
    "targetId": "crew-slime",
    "weaponId": "rocket",
  },
}
`;
