// Vitest Snapshot v1, https://vitest.dev/guide/snapshot.html

exports[`planning golden master (Task 021, Schritt 0) > freezes first-turn planning on good-mood 1`] = `
{
  "ghost:21072026:forced-breaker": {
    "candidateScore": "213.3066",
    "destination": {
      "x": 350,
      "y": 1260,
    },
    "movementId": "jump:350:1260",
    "movementKind": "jump",
    "movementScore": "39.5012",
    "preferenceFellBack": false,
    "selectedCandidateId": "breaker:rival-1:arc-1",
    "targetId": "rival-1",
    "weaponId": "breaker",
  },
  "ghost:21072026:preference": {
    "candidateScore": "219.0108",
    "destination": {
      "x": 610,
      "y": 1314,
    },
    "movementId": "jump:610:1314",
    "movementKind": "jump",
    "movementScore": "26.1808",
    "preferenceFellBack": false,
    "selectedCandidateId": "grenade:rival-1:arc-1",
    "targetId": "rival-1",
    "weaponId": "grenade",
  },
  "ghost:21072026:rejected": {
    "candidateScore": "238.2052",
    "destination": {
      "x": 350,
      "y": 1260,
    },
    "movementId": "jump:350:1260",
    "movementKind": "jump",
    "movementScore": "39.5012",
    "preferenceFellBack": false,
    "selectedCandidateId": "rocket:rival-3:arc-5",
    "targetId": "rival-3",
    "weaponId": "rocket",
  },
  "ghost:21072026:rival": {
    "candidateScore": "95.4024",
    "destination": {
      "x": 1550,
      "y": 810,
    },
    "movementId": "walk:1550:810",
    "movementKind": "walk",
    "movementScore": "20.4631",
    "preferenceFellBack": false,
    "selectedCandidateId": "rocket:crew-ghost:arc-1",
    "targetId": "crew-ghost",
    "weaponId": "rocket",
  },
  "ghost:21072127:forced-breaker": {
    "candidateScore": "212.2988",
    "destination": {
      "x": 350,
      "y": 1260,
    },
    "movementId": "jump:350:1260",
    "movementKind": "jump",
    "movementScore": "38.5668",
    "preferenceFellBack": false,
    "selectedCandidateId": "breaker:rival-1:arc-1",
    "targetId": "rival-1",
    "weaponId": "breaker",
  },
  "ghost:21072127:preference": {
    "candidateScore": "219.0828",
    "destination": {
      "x": 610,
      "y": 1314,
    },
    "movementId": "jump:610:1314",
    "movementKind": "jump",
    "movementScore": "24.4257",
    "preferenceFellBack": false,
    "selectedCandidateId": "grenade:rival-1:arc-1",
    "targetId": "rival-1",
    "weaponId": "grenade",
  },
  "ghost:21072127:rejected": {
    "candidateScore": "238.0495",
    "destination": {
      "x": 350,
      "y": 1260,
    },
    "movementId": "jump:350:1260",
    "movementKind": "jump",
    "movementScore": "38.5668",
    "preferenceFellBack": false,
    "selectedCandidateId": "rocket:rival-3:arc-5",
    "targetId": "rival-3",
    "weaponId": "rocket",
  },
  "ghost:21072127:rival": {
    "candidateScore": "94.8369",
    "destination": {
      "x": 1290,
      "y": 836,
    },
    "movementId": "walk:1290:836",
    "movementKind": "walk",
    "movementScore": "21.9309",
    "preferenceFellBack": false,
    "selectedCandidateId": "rocket:crew-ghost:arc-1",
    "targetId": "crew-ghost",
    "weaponId": "rocket",
  },
  "hornling:21072026:forced-breaker": {
    "candidateScore": "59.8066",
    "destination": {
      "x": 350,
      "y": 1260,
    },
    "movementId": "walk:350:1260",
    "movementKind": "walk",
    "movementScore": "20.3546",
    "preferenceFellBack": false,
    "selectedCandidateId": "breaker:rival-1:arc-1",
    "targetId": "rival-1",
    "weaponId": "breaker",
  },
  "hornling:21072026:preference": {
    "candidateScore": "90.3216",
    "destination": {
      "x": 350,
      "y": 1260,
    },
    "movementId": "walk:350:1260",
    "movementKind": "walk",
    "movementScore": "20.3546",
    "preferenceFellBack": false,
    "selectedCandidateId": "rocket:rival-1:arc-1",
    "targetId": "rival-1",
    "weaponId": "rocket",
  },
  "hornling:21072026:rejected": {
    "candidateScore": "88.8695",
    "destination": {
      "x": 350,
      "y": 1260,
    },
    "movementId": "walk:350:1260",
    "movementKind": "walk",
    "movementScore": "20.3546",
    "preferenceFellBack": false,
    "selectedCandidateId": "rocket:rival-1:arc-2",
    "targetId": "rival-1",
    "weaponId": "rocket",
  },
  "hornling:21072026:rival": {
    "candidateScore": "94.7737",
    "destination": {
      "x": 1550,
      "y": 810,
    },
    "movementId": "walk:1550:810",
    "movementKind": "walk",
    "movementScore": "20.4631",
    "preferenceFellBack": false,
    "selectedCandidateId": "rocket:crew-hornling:arc-1",
    "targetId": "crew-hornling",
    "weaponId": "rocket",
  },
  "hornling:21072127:forced-breaker": {
    "candidateScore": "58.7988",
    "destination": {
      "x": 350,
      "y": 1260,
    },
    "movementId": "walk:350:1260",
    "movementKind": "walk",
    "movementScore": "19.8194",
    "preferenceFellBack": false,
    "selectedCandidateId": "breaker:rival-1:arc-1",
    "targetId": "rival-1",
    "weaponId": "breaker",
  },
  "hornling:21072127:preference": {
    "candidateScore": "90.3417",
    "destination": {
      "x": 350,
      "y": 1260,
    },
    "movementId": "walk:350:1260",
    "movementKind": "walk",
    "movementScore": "19.8194",
    "preferenceFellBack": false,
    "selectedCandidateId": "rocket:rival-1:arc-1",
    "targetId": "rival-1",
    "weaponId": "rocket",
  },
  "hornling:21072127:rejected": {
    "candidateScore": "89.6554",
    "destination": {
      "x": 350,
      "y": 1260,
    },
    "movementId": "walk:350:1260",
    "movementKind": "walk",
    "movementScore": "19.8194",
    "preferenceFellBack": false,
    "selectedCandidateId": "rocket:rival-1:arc-2",
    "targetId": "rival-1",
    "weaponId": "rocket",
  },
  "hornling:21072127:rival": {
    "candidateScore": "95.3985",
    "destination": {
      "x": 1290,
      "y": 836,
    },
    "movementId": "walk:1290:836",
    "movementKind": "walk",
    "movementScore": "21.9309",
    "preferenceFellBack": false,
    "selectedCandidateId": "rocket:crew-hornling:arc-1",
    "targetId": "crew-hornling",
    "weaponId": "rocket",
  },
  "moki:21072026:forced-breaker": {
    "candidateScore": "72.8066",
    "destination": {
      "x": 350,
      "y": 1260,
    },
    "movementId": "walk:350:1260",
    "movementKind": "walk",
    "movementScore": "20.8258",
    "preferenceFellBack": false,
    "selectedCandidateId": "breaker:rival-1:arc-1",
    "targetId": "rival-1",
    "weaponId": "breaker",
  },
  "moki:21072026:preference": {
    "candidateScore": "79.8968",
    "destination": {
      "x": 610,
      "y": 1314,
    },
    "movementId": "jump:610:1314",
    "movementKind": "jump",
    "movementScore": "13.5663",
    "preferenceFellBack": false,
    "selectedCandidateId": "grenade:rival-1:arc-1",
    "targetId": "rival-1",
    "weaponId": "grenade",
  },
  "moki:21072026:rejected": {
    "candidateScore": "100.3216",
    "destination": {
      "x": 350,
      "y": 1260,
    },
    "movementId": "walk:350:1260",
    "movementKind": "walk",
    "movementScore": "20.8258",
    "preferenceFellBack": false,
    "selectedCandidateId": "rocket:rival-1:arc-1",
    "targetId": "rival-1",
    "weaponId": "rocket",
  },
  "moki:21072026:rival": {
    "candidateScore": "94.5621",
    "destination": {
      "x": 1550,
      "y": 810,
    },
    "movementId": "walk:1550:810",
    "movementKind": "walk",
    "movementScore": "20.4631",
    "preferenceFellBack": false,
    "selectedCandidateId": "rocket:crew-moki:arc-2",
    "targetId": "crew-moki",
    "weaponId": "rocket",
  },
  "moki:21072127:forced-breaker": {
    "candidateScore": "71.7988",
    "destination": {
      "x": 350,
      "y": 1260,
    },
    "movementId": "jump:350:1260",
    "movementKind": "jump",
    "movementScore": "19.8845",
    "preferenceFellBack": false,
    "selectedCandidateId": "breaker:rival-1:arc-1",
    "targetId": "rival-1",
    "weaponId": "breaker",
  },
  "moki:21072127:preference": {
    "candidateScore": "79.9687",
    "destination": {
      "x": 610,
      "y": 1314,
    },
    "movementId": "jump:610:1314",
    "movementKind": "jump",
    "movementScore": "13.1494",
    "preferenceFellBack": false,
    "selectedCandidateId": "grenade:rival-1:arc-1",
    "targetId": "rival-1",
    "weaponId": "grenade",
  },
  "moki:21072127:rejected": {
    "candidateScore": "100.3417",
    "destination": {
      "x": 350,
      "y": 1260,
    },
    "movementId": "jump:350:1260",
    "movementKind": "jump",
    "movementScore": "19.8845",
    "preferenceFellBack": false,
    "selectedCandidateId": "rocket:rival-1:arc-1",
    "targetId": "rival-1",
    "weaponId": "rocket",
  },
  "moki:21072127:rival": {
    "candidateScore": "95.3036",
    "destination": {
      "x": 1290,
      "y": 836,
    },
    "movementId": "walk:1290:836",
    "movementKind": "walk",
    "movementScore": "21.9309",
    "preferenceFellBack": false,
    "selectedCandidateId": "rocket:crew-moki:arc-1",
    "targetId": "crew-moki",
    "weaponId": "rocket",
  },
  "slime:21072026:forced-breaker": {
    "candidateScore": "59.8066",
    "destination": {
      "x": 350,
      "y": 1260,
    },
    "movementId": "walk:350:1260",
    "movementKind": "walk",
    "movementScore": "21.1974",
    "preferenceFellBack": false,
    "selectedCandidateId": "breaker:rival-1:arc-1",
    "targetId": "rival-1",
    "weaponId": "breaker",
  },
  "slime:21072026:preference": {
    "candidateScore": "90.3216",
    "destination": {
      "x": 350,
      "y": 1260,
    },
    "movementId": "walk:350:1260",
    "movementKind": "walk",
    "movementScore": "21.1974",
    "preferenceFellBack": false,
    "selectedCandidateId": "rocket:rival-1:arc-1",
    "targetId": "rival-1",
    "weaponId": "rocket",
  },
  "slime:21072026:rejected": {
    "candidateScore": "88.8695",
    "destination": {
      "x": 350,
      "y": 1260,
    },
    "movementId": "walk:350:1260",
    "movementKind": "walk",
    "movementScore": "21.1974",
    "preferenceFellBack": false,
    "selectedCandidateId": "rocket:rival-1:arc-2",
    "targetId": "rival-1",
    "weaponId": "rocket",
  },
  "slime:21072026:rival": {
    "candidateScore": "94.9660",
    "destination": {
      "x": 1550,
      "y": 810,
    },
    "movementId": "walk:1550:810",
    "movementKind": "walk",
    "movementScore": "20.4631",
    "preferenceFellBack": false,
    "selectedCandidateId": "rocket:crew-slime:arc-2",
    "targetId": "crew-slime",
    "weaponId": "rocket",
  },
  "slime:21072127:forced-breaker": {
    "candidateScore": "58.7988",
    "destination": {
      "x": 350,
      "y": 1260,
    },
    "movementId": "walk:350:1260",
    "movementKind": "walk",
    "movementScore": "21.9737",
    "preferenceFellBack": false,
    "selectedCandidateId": "breaker:rival-1:arc-1",
    "targetId": "rival-1",
    "weaponId": "breaker",
  },
  "slime:21072127:preference": {
    "candidateScore": "90.3417",
    "destination": {
      "x": 350,
      "y": 1260,
    },
    "movementId": "walk:350:1260",
    "movementKind": "walk",
    "movementScore": "21.9737",
    "preferenceFellBack": false,
    "selectedCandidateId": "rocket:rival-1:arc-1",
    "targetId": "rival-1",
    "weaponId": "rocket",
  },
  "slime:21072127:rejected": {
    "candidateScore": "89.6554",
    "destination": {
      "x": 350,
      "y": 1260,
    },
    "movementId": "walk:350:1260",
    "movementKind": "walk",
    "movementScore": "21.9737",
    "preferenceFellBack": false,
    "selectedCandidateId": "rocket:rival-1:arc-2",
    "targetId": "rival-1",
    "weaponId": "rocket",
  },
  "slime:21072127:rival": {
    "candidateScore": "94.8733",
    "destination": {
      "x": 1290,
      "y": 836,
    },
    "movementId": "walk:1290:836",
    "movementKind": "walk",
    "movementScore": "21.9309",
    "preferenceFellBack": false,
    "selectedCandidateId": "rocket:crew-slime:arc-1",
    "targetId": "crew-slime",
    "weaponId": "rocket",
  },
}
`;

exports[`planning golden master (Task 021, Schritt 0) > freezes first-turn planning on space-resort 1`] = `
{
  "ghost:21072026:forced-breaker": {
    "candidateScore": "214.6686",
    "destination": {
      "x": 450,
      "y": 338,
    },
    "movementId": "jump:450:338",
    "movementKind": "jump",
    "movementScore": "28.3023",
    "preferenceFellBack": false,
    "selectedCandidateId": "breaker:rival-1:arc-4",
    "targetId": "rival-1",
    "weaponId": "breaker",
  },
  "ghost:21072026:preference": {
    "candidateScore": "140.8471",
    "destination": {
      "x": 590,
      "y": 374,
    },
    "movementId": "jump:590:374",
    "movementKind": "jump",
    "movementScore": "22.5713",
    "preferenceFellBack": false,
    "selectedCandidateId": "grenade:rival-1:arc-1:kurz",
    "targetId": "rival-1",
    "weaponId": "grenade",
  },
  "ghost:21072026:rejected": {
    "candidateScore": "238.2052",
    "destination": {
      "x": 450,
      "y": 338,
    },
    "movementId": "jump:450:338",
    "movementKind": "jump",
    "movementScore": "28.3023",
    "preferenceFellBack": false,
    "selectedCandidateId": "rocket:rival-3:arc-5",
    "targetId": "rival-3",
    "weaponId": "rocket",
  },
  "ghost:21072026:rival": {
    "candidateScore": "86.6984",
    "destination": {
      "x": 320,
      "y": 888,
    },
    "movementId": "walk:320:888",
    "movementKind": "walk",
    "movementScore": "15.3217",
    "preferenceFellBack": false,
    "selectedCandidateId": "rocket:crew-ghost:arc-4",
    "targetId": "crew-ghost",
    "weaponId": "rocket",
  },
  "ghost:21072127:forced-breaker": {
    "candidateScore": "214.5669",
    "destination": {
      "x": 450,
      "y": 338,
    },
    "movementId": "jump:450:338",
    "movementKind": "jump",
    "movementScore": "28.7261",
    "preferenceFellBack": false,
    "selectedCandidateId": "breaker:rival-2:arc-4",
    "targetId": "rival-2",
    "weaponId": "breaker",
  },
  "ghost:21072127:preference": {
    "candidateScore": "140.4618",
    "destination": {
      "x": 590,
      "y": 374,
    },
    "movementId": "jump:590:374",
    "movementKind": "jump",
    "movementScore": "23.5773",
    "preferenceFellBack": false,
    "selectedCandidateId": "grenade:rival-1:arc-1:kurz",
    "targetId": "rival-1",
    "weaponId": "grenade",
  },
  "ghost:21072127:rejected": {
    "candidateScore": "238.0495",
    "destination": {
      "x": 450,
      "y": 338,
    },
    "movementId": "jump:450:338",
    "movementKind": "jump",
    "movementScore": "28.7261",
    "preferenceFellBack": false,
    "selectedCandidateId": "rocket:rival-3:arc-5",
    "targetId": "rival-3",
    "weaponId": "rocket",
  },
  "ghost:21072127:rival": {
    "candidateScore": "86.8295",
    "destination": {
      "x": 320,
      "y": 888,
    },
    "movementId": "walk:320:888",
    "movementKind": "walk",
    "movementScore": "15.3654",
    "preferenceFellBack": false,
    "selectedCandidateId": "rocket:crew-ghost:arc-3",
    "targetId": "crew-ghost",
    "weaponId": "rocket",
  },
  "hornling:21072026:forced-breaker": {
    "candidateScore": "64.5271",
    "destination": {
      "x": 450,
      "y": 338,
    },
    "movementId": "walk:450:338",
    "movementKind": "walk",
    "movementScore": "14.0628",
    "preferenceFellBack": false,
    "selectedCandidateId": "breaker:rival-1:arc-1",
    "targetId": "rival-1",
    "weaponId": "breaker",
  },
  "hornling:21072026:preference": {
    "candidateScore": "95.3983",
    "destination": {
      "x": 450,
      "y": 338,
    },
    "movementId": "walk:450:338",
    "movementKind": "walk",
    "movementScore": "14.0628",
    "preferenceFellBack": false,
    "selectedCandidateId": "rocket:rival-1:arc-1",
    "targetId": "rival-1",
    "weaponId": "rocket",
  },
  "hornling:21072026:rejected": {
    "candidateScore": "94.2578",
    "destination": {
      "x": 450,
      "y": 338,
    },
    "movementId": "walk:450:338",
    "movementKind": "walk",
    "movementScore": "14.0628",
    "preferenceFellBack": false,
    "selectedCandidateId": "rocket:rival-3:arc-1",
    "targetId": "rival-3",
    "weaponId": "rocket",
  },
  "hornling:21072026:rival": {
    "candidateScore": "86.3299",
    "destination": {
      "x": 320,
      "y": 888,
    },
    "movementId": "walk:320:888",
    "movementKind": "walk",
    "movementScore": "15.3217",
    "preferenceFellBack": false,
    "selectedCandidateId": "rocket:crew-hornling:arc-3",
    "targetId": "crew-hornling",
    "weaponId": "rocket",
  },
  "hornling:21072127:forced-breaker": {
    "candidateScore": "64.0321",
    "destination": {
      "x": 450,
      "y": 338,
    },
    "movementId": "walk:450:338",
    "movementKind": "walk",
    "movementScore": "15.8186",
    "preferenceFellBack": false,
    "selectedCandidateId": "breaker:rival-3:arc-1",
    "targetId": "rival-3",
    "weaponId": "breaker",
  },
  "hornling:21072127:preference": {
    "candidateScore": "95.4184",
    "destination": {
      "x": 450,
      "y": 338,
    },
    "movementId": "walk:450:338",
    "movementKind": "walk",
    "movementScore": "15.8186",
    "preferenceFellBack": false,
    "selectedCandidateId": "rocket:rival-1:arc-1",
    "targetId": "rival-1",
    "weaponId": "rocket",
  },
  "hornling:21072127:rejected": {
    "candidateScore": "93.9601",
    "destination": {
      "x": 450,
      "y": 338,
    },
    "movementId": "walk:450:338",
    "movementKind": "walk",
    "movementScore": "15.8186",
    "preferenceFellBack": false,
    "selectedCandidateId": "rocket:rival-1:arc-2",
    "targetId": "rival-1",
    "weaponId": "rocket",
  },
  "hornling:21072127:rival": {
    "candidateScore": "86.7008",
    "destination": {
      "x": 320,
      "y": 888,
    },
    "movementId": "walk:320:888",
    "movementKind": "walk",
    "movementScore": "15.3654",
    "preferenceFellBack": false,
    "selectedCandidateId": "rocket:crew-hornling:arc-3",
    "targetId": "crew-hornling",
    "weaponId": "rocket",
  },
  "moki:21072026:forced-breaker": {
    "candidateScore": "72.6325",
    "destination": {
      "x": 450,
      "y": 338,
    },
    "movementId": "jump:450:338",
    "movementKind": "jump",
    "movementScore": "16.3520",
    "preferenceFellBack": false,
    "selectedCandidateId": "breaker:rival-3:arc-2",
    "targetId": "rival-3",
    "weaponId": "breaker",
  },
  "moki:21072026:preference": {
    "candidateScore": "8.5870",
    "destination": {
      "x": 590,
      "y": 374,
    },
    "movementId": "jump:590:374",
    "movementKind": "jump",
    "movementScore": "7.0872",
    "preferenceFellBack": false,
    "selectedCandidateId": "grenade:rival-1:arc-1:kurz",
    "targetId": "rival-1",
    "weaponId": "grenade",
  },
  "moki:21072026:rejected": {
    "candidateScore": "100.6109",
    "destination": {
      "x": 450,
      "y": 338,
    },
    "movementId": "jump:450:338",
    "movementKind": "jump",
    "movementScore": "16.3520",
    "preferenceFellBack": false,
    "selectedCandidateId": "rocket:rival-3:arc-4",
    "targetId": "rival-3",
    "weaponId": "rocket",
  },
  "moki:21072026:rival": {
    "candidateScore": "87.5554",
    "destination": {
      "x": 320,
      "y": 888,
    },
    "movementId": "walk:320:888",
    "movementKind": "walk",
    "movementScore": "15.3217",
    "preferenceFellBack": false,
    "selectedCandidateId": "rocket:crew-moki:arc-4",
    "targetId": "crew-moki",
    "weaponId": "rocket",
  },
  "moki:21072127:forced-breaker": {
    "candidateScore": "73.3279",
    "destination": {
      "x": 450,
      "y": 338,
    },
    "movementId": "jump:450:338",
    "movementKind": "jump",
    "movementScore": "15.2030",
    "preferenceFellBack": false,
    "selectedCandidateId": "breaker:rival-3:arc-3",
    "targetId": "rival-3",
    "weaponId": "breaker",
  },
  "moki:21072127:preference": {
    "candidateScore": "8.2018",
    "destination": {
      "x": 590,
      "y": 374,
    },
    "movementId": "jump:590:374",
    "movementKind": "jump",
    "movementScore": "7.6932",
    "preferenceFellBack": false,
    "selectedCandidateId": "grenade:rival-1:arc-1:kurz",
    "targetId": "rival-1",
    "weaponId": "grenade",
  },
  "moki:21072127:rejected": {
    "candidateScore": "99.7631",
    "destination": {
      "x": 450,
      "y": 338,
    },
    "movementId": "jump:450:338",
    "movementKind": "jump",
    "movementScore": "15.2030",
    "preferenceFellBack": false,
    "selectedCandidateId": "rocket:rival-2:arc-4",
    "targetId": "rival-2",
    "weaponId": "rocket",
  },
  "moki:21072127:rival": {
    "candidateScore": "86.3590",
    "destination": {
      "x": 320,
      "y": 888,
    },
    "movementId": "walk:320:888",
    "movementKind": "walk",
    "movementScore": "15.3654",
    "preferenceFellBack": false,
    "selectedCandidateId": "rocket:crew-moki:arc-3",
    "targetId": "crew-moki",
    "weaponId": "rocket",
  },
  "slime:21072026:forced-breaker": {
    "candidateScore": "64.5271",
    "destination": {
      "x": 450,
      "y": 338,
    },
    "movementId": "walk:450:338",
    "movementKind": "walk",
    "movementScore": "15.8726",
    "preferenceFellBack": false,
    "selectedCandidateId": "breaker:rival-1:arc-1",
    "targetId": "rival-1",
    "weaponId": "breaker",
  },
  "slime:21072026:preference": {
    "candidateScore": "95.3983",
    "destination": {
      "x": 450,
      "y": 338,
    },
    "movementId": "walk:450:338",
    "movementKind": "walk",
    "movementScore": "15.8726",
    "preferenceFellBack": false,
    "selectedCandidateId": "rocket:rival-1:arc-1",
    "targetId": "rival-1",
    "weaponId": "rocket",
  },
  "slime:21072026:rejected": {
    "candidateScore": "94.2578",
    "destination": {
      "x": 450,
      "y": 338,
    },
    "movementId": "walk:450:338",
    "movementKind": "walk",
    "movementScore": "15.8726",
    "preferenceFellBack": false,
    "selectedCandidateId": "rocket:rival-3:arc-1",
    "targetId": "rival-3",
    "weaponId": "rocket",
  },
  "slime:21072026:rival": {
    "candidateScore": "86.5837",
    "destination": {
      "x": 320,
      "y": 888,
    },
    "movementId": "walk:320:888",
    "movementKind": "walk",
    "movementScore": "15.3217",
    "preferenceFellBack": false,
    "selectedCandidateId": "rocket:crew-slime:arc-3",
    "targetId": "crew-slime",
    "weaponId": "rocket",
  },
  "slime:21072127:forced-breaker": {
    "candidateScore": "64.0321",
    "destination": {
      "x": 450,
      "y": 338,
    },
    "movementId": "walk:450:338",
    "movementKind": "walk",
    "movementScore": "14.0574",
    "preferenceFellBack": false,
    "selectedCandidateId": "breaker:rival-3:arc-1",
    "targetId": "rival-3",
    "weaponId": "breaker",
  },
  "slime:21072127:preference": {
    "candidateScore": "95.4184",
    "destination": {
      "x": 450,
      "y": 338,
    },
    "movementId": "walk:450:338",
    "movementKind": "walk",
    "movementScore": "14.0574",
    "preferenceFellBack": false,
    "selectedCandidateId": "rocket:rival-1:arc-1",
    "targetId": "rival-1",
    "weaponId": "rocket",
  },
  "slime:21072127:rejected": {
    "candidateScore": "93.9601",
    "destination": {
      "x": 450,
      "y": 338,
    },
    "movementId": "walk:450:338",
    "movementKind": "walk",
    "movementScore": "14.0574",
    "preferenceFellBack": false,
    "selectedCandidateId": "rocket:rival-1:arc-2",
    "targetId": "rival-1",
    "weaponId": "rocket",
  },
  "slime:21072127:rival": {
    "candidateScore": "87.7148",
    "destination": {
      "x": 320,
      "y": 888,
    },
    "movementId": "walk:320:888",
    "movementKind": "walk",
    "movementScore": "15.3654",
    "preferenceFellBack": false,
    "selectedCandidateId": "rocket:crew-slime:arc-3",
    "targetId": "crew-slime",
    "weaponId": "rocket",
  },
}
`;
